---
source: tests/wire_format_snapshots.rs
expression: "&r"
snapshot_kind: text
---
{
  "model": "gpt-4.1-mini",
  "input": [
    {
      "type": "message",
      "role": "system",
      "content": "be brief"
    },
    {
      "type": "message",
      "role": "user",
      "content": "hello"
    },
    {
      "type": "function_call_output",
      "call_id": "call_1",
      "output": "{\"weather\":\"sunny\"}"
    }
  ],
  "instructions": "be brief",
  "parallel_tool_calls": true,
  "max_output_tokens": 500,
  "temperature": 0.4
}
